鈻?Next.js 16.1.6 (Turbopack)

  Creating an optimized production build ...
鉁?Compiled successfully in 3.4s
  Running TypeScript ...
node.exe : Failed to compile.
所在位置 
C:\Users\yyf\AppData\Roaming\npm\pnpm.ps1:24 
字符: 5
+     & "node$exe"  
"$basedir/node_modules/pnpm/bin/pnpm.cjs" 
$args
+     ~~~~~~~~~~~~~~~~~~~~~~~~~~~~~~~~~~~~~~~~
~~~~~~~~~~~~~~~~~~~~~
    + CategoryInfo          : NotSpecified: ( 
   Failed to compile.:String) [], RemoteExce  
  ption
    + FullyQualifiedErrorId : NativeCommandEr 
   ror
 

./app/paper/[id]/page.tsx:124:42
Type error: Property 'id' does not exist on 
type 'SimilarPaper'.

[0m [90m 122 |[39m                         
{similar[33m.[39mmap((sim) [33m=>[39m (
 [90m 123 |[39m                             
[33m<[39m[33mLink[39m
[31m[1m>[22m[39m[90m 124 |[39m          
                       
key[33m=[39m{sim[33m.[39mid}
 [90m     |[39m                             
             [31m[1m^[22m[39m
 [90m 125 |[39m                             
    
href[33m=[39m{[32m`/paper/${sim.id}`[39m}
 [90m 126 |[39m                             
    className[33m=[39m[32m"card group 
hover:translate-x-1 transition-all"[39m
 [90m 127 |[39m                             
[33m>[39m[0m
Next.js build worker exited with code: 1 and 
signal: null
